// Jest Snapshot v1, https://goo.gl/fbAQLP

exports[`renders correctly Render init 1`] = `
<View
  accessibilityState={
    {
      "busy": undefined,
      "checked": undefined,
      "disabled": undefined,
      "expanded": undefined,
      "selected": undefined,
    }
  }
  accessibilityValue={
    {
      "max": undefined,
      "min": undefined,
      "now": undefined,
      "text": undefined,
    }
  }
  accessible={true}
  collapsable={false}
  focusable={false}
  onClick={[Function]}
  onResponderGrant={[Function]}
  onResponderMove={[Function]}
  onResponderRelease={[Function]}
  onResponderTerminate={[Function]}
  onResponderTerminationRequest={[Function]}
  onStartShouldSetResponder={[Function]}
  style={
    {
      "alignItems": "center",
      "flex": 1,
      "flexDirection": "row",
      "marginVertical": 4,
      "opacity": 1,
      "paddingVertical": 16,
    }
  }
>
  <View
    style={
      {
        "alignItems": "center",
        "backgroundColor": "rgb(234,242,250)",
        "borderRadius": 5,
        "height": 40,
        "justifyContent": "center",
        "width": 40,
      }
    }
  >
    <Text
      style={
        {
          "color": "rgb(48,111,199)",
          "fontSize": 16,
          "fontWeight": "500",
        }
      }
    >
      D
    </Text>
  </View>
  <View
    style={
      {
        "marginHorizontal": 16,
      }
    }
  >
    <Text
      style={
        {
          "fontSize": 16,
        }
      }
    >
      David Miller
    </Text>
    <Text
      style={
        {
          "color": "gray",
          "fontSize": 12,
          "marginTop": 4,
        }
      }
    >
      ADMIN
    </Text>
  </View>
</View>
`;
